[1/9] Performing build step for 'bootloader'
[1/1] cmd.exe /C "cd /D C:\Personal\SeniorCapstone\tiltingPlatform_PID_tiltingSensor\build\bootloader\esp-idf\esptool_py && C:\Espressif\python_env\idf5.0_py3.8_env\Scripts\python.exe C:/Espressif/frameworks/esp-idf-v5.0/components/partition_table/check_sizes.py --offset 0x8000 bootloader 0x1000 C:/Personal/SeniorCapstone/tiltingPlatform_PID_tiltingSensor/build/bootloader/bootloader.bin"
Bootloader binary size 0x66b0 bytes. 0x950 bytes (8%) free.
[2/7] Building C object esp-idf/main/CMakeFiles/__idf_main.dir/tiltingPlatform.c.obj
In file included from C:/Personal/SeniorCapstone/tiltingPlatform_PID_tiltingSensor/main/i2c_lib.c:34,
                 from C:/Personal/SeniorCapstone/tiltingPlatform_PID_tiltingSensor/main/tiltingPlatform.c:18:
C:/Espressif/frameworks/esp-idf-v5.0/components/driver/deprecated/driver/adc.h:19:2: warning: #warning "legacy adc driver is deprecated, please migrate to use esp_adc/adc_oneshot.h and esp_adc/adc_continuous.h for oneshot mode and continuous mode drivers respectively" [-Wcpp]
   19 | #warning "legacy adc driver is deprecated, please migrate to use esp_adc/adc_oneshot.h and esp_adc/adc_continuous.h for oneshot mode and continuous mode drivers respectively"
      |  ^~~~~~~
In file included from C:/Personal/SeniorCapstone/tiltingPlatform_PID_tiltingSensor/main/i2c_lib.c:35,
                 from C:/Personal/SeniorCapstone/tiltingPlatform_PID_tiltingSensor/main/tiltingPlatform.c:18:
C:/Espressif/frameworks/esp-idf-v5.0/components/esp_adc/deprecated/include/esp_adc_cal.h:17:2: warning: #warning "legacy adc calibration driver is deprecated, please migrate to use esp_adc/adc_cali.h and esp_adc/adc_cali_scheme.h" [-Wcpp]
   17 | #warning "legacy adc calibration driver is deprecated, please migrate to use esp_adc/adc_cali.h and esp_adc/adc_cali_scheme.h"
      |  ^~~~~~~
In file included from C:/Personal/SeniorCapstone/tiltingPlatform_PID_tiltingSensor/main/tiltingPlatform.c:18:
C:/Personal/SeniorCapstone/tiltingPlatform_PID_tiltingSensor/main/i2c_lib.c: In function 'readRegister':
C:/Personal/SeniorCapstone/tiltingPlatform_PID_tiltingSensor/main/i2c_lib.c:175:9: warning: variable 'ret' set but not used [-Wunused-but-set-variable]
  175 |     int ret;
      |         ^~~
C:/Personal/SeniorCapstone/tiltingPlatform_PID_tiltingSensor/main/tiltingPlatform.c: In function 'app_main':
C:/Personal/SeniorCapstone/tiltingPlatform_PID_tiltingSensor/main/tiltingPlatform.c:177:17: warning: passing argument 1 of 'xTaskCreate' from incompatible pointer type [-Wincompatible-pointer-types]
  177 |     xTaskCreate(IMU_task, "IMU_task", 4096, NULL, 5, NULL);
      |                 ^~~~~~~~
      |                 |
      |                 void * (*)(void)
In file included from C:/Personal/SeniorCapstone/tiltingPlatform_PID_tiltingSensor/main/tiltingPlatform.c:5:
C:/Espressif/frameworks/esp-idf-v5.0/components/freertos/FreeRTOS-Kernel/include/freertos/task.h:444:44: note: expected 'TaskFunction_t' {aka 'void (*)(void *)'} but argument is of type 'void * (*)(void)'
  444 |                             TaskFunction_t pvTaskCode,
      |                             ~~~~~~~~~~~~~~~^~~~~~~~~~
At top level:
C:/Personal/SeniorCapstone/tiltingPlatform_PID_tiltingSensor/main/tiltingPlatform.c:53:20: warning: 'TAG' defined but not used [-Wunused-variable]
   53 | static const char *TAG = "example";
      |                    ^~~
[3/7] Linking C static library esp-idf\main\libmain.a
[4/7] Generating ld/sections.ld
FAILED: esp-idf/esp_system/ld/sections.ld C:/Personal/SeniorCapstone/tiltingPlatform_PID_tiltingSensor/build/esp-idf/esp_system/ld/sections.ld 
cmd.exe /C "cd /D C:\Personal\SeniorCapstone\tiltingPlatform_PID_tiltingSensor\build\esp-idf\esp_system && C:\Espressif\python_env\idf5.0_py3.8_env\Scripts\python.exe C:/Espressif/frameworks/esp-idf-v5.0/tools/ldgen/ldgen.py --config C:/Personal/SeniorCapstone/tiltingPlatform_PID_tiltingSensor/sdkconfig --fragments-list C:/Espressif/frameworks/esp-idf-v5.0/components/xtensa/linker.lf;C:/Espressif/frameworks/esp-idf-v5.0/components/esp_ringbuf/linker.lf;C:/Espressif/frameworks/esp-idf-v5.0/components/driver/linker.lf;C:/Espressif/frameworks/esp-idf-v5.0/components/esp_pm/linker.lf;C:/Espressif/frameworks/esp-idf-v5.0/components/spi_flash/linker.lf;C:/Espressif/frameworks/esp-idf-v5.0/components/esp_system/linker.lf;C:/Espressif/frameworks/esp-idf-v5.0/components/esp_system/app.lf;C:/Espressif/frameworks/esp-idf-v5.0/components/esp_rom/linker.lf;C:/Espressif/frameworks/esp-idf-v5.0/components/hal/linker.lf;C:/Espressif/frameworks/esp-idf-v5.0/components/log/linker.lf;C:/Espressif/frameworks/esp-idf-v5.0/components/heap/linker.lf;C:/Espressif/frameworks/esp-idf-v5.0/components/soc/linker.lf;C:/Espressif/frameworks/esp-idf-v5.0/components/esp_hw_support/linker.lf;C:/Espressif/frameworks/esp-idf-v5.0/components/freertos/linker.lf;C:/Espressif/frameworks/esp-idf-v5.0/components/newlib/newlib.lf;C:/Espressif/frameworks/esp-idf-v5.0/components/newlib/system_libs.lf;C:/Espressif/frameworks/esp-idf-v5.0/components/esp_common/common.lf;C:/Espressif/frameworks/esp-idf-v5.0/components/esp_common/soc.lf;C:/Espressif/frameworks/esp-idf-v5.0/components/app_trace/linker.lf;C:/Espressif/frameworks/esp-idf-v5.0/components/esp_event/linker.lf;C:/Espressif/frameworks/esp-idf-v5.0/components/esp_phy/linker.lf;C:/Espressif/frameworks/esp-idf-v5.0/components/lwip/linker.lf;C:/Espressif/frameworks/esp-idf-v5.0/components/esp_netif/linker.lf;C:/Espressif/frameworks/esp-idf-v5.0/components/esp_wifi/linker.lf;C:/Espressif/frameworks/esp-idf-v5.0/components/bt/linker.lf;C:/Espressif/frameworks/esp-idf-v5.0/components/esp_adc/linker.lf;C:/Espressif/frameworks/esp-idf-v5.0/components/esp_gdbstub/linker.lf;C:/Espressif/frameworks/esp-idf-v5.0/components/esp_lcd/linker.lf;C:/Espressif/frameworks/esp-idf-v5.0/components/esp_psram/linker.lf;C:/Espressif/frameworks/esp-idf-v5.0/components/espcoredump/linker.lf --input C:/Espressif/frameworks/esp-idf-v5.0/components/esp_system/ld/esp32/sections.ld.in --output C:/Personal/SeniorCapstone/tiltingPlatform_PID_tiltingSensor/build/esp-idf/esp_system/ld/sections.ld --kconfig C:/Espressif/frameworks/esp-idf-v5.0/Kconfig --env-file C:/Personal/SeniorCapstone/tiltingPlatform_PID_tiltingSensor/build/config.env --libraries-file C:/Personal/SeniorCapstone/tiltingPlatform_PID_tiltingSensor/build/ldgen_libraries --objdump C:/Espressif/tools/xtensa-esp32-elf/esp-2022r1-11.2.0/xtensa-esp32-elf/bin/xtensa-esp32-elf-objdump.exe"
Traceback (most recent call last):
  File "C:\Espressif\frameworks\esp-idf-v5.0\tools\ldgen\ldgen\entity.py", line 152, in _get_infos_from_file
    results = parser.parseString(info.content, parseAll=True)
  File "C:\Espressif\python_env\idf5.0_py3.8_env\lib\site-packages\pyparsing\core.py", line 1141, in parse_string
    raise exc.with_traceback(None)
pyparsing.exceptions.ParseException: Expected end of text, found '6'  (at char 108075), (line:1737, col:3)

During handling of the above exception, another exception occurred:

Traceback (most recent call last):
  File "C:/Espressif/frameworks/esp-idf-v5.0/tools/ldgen/ldgen.py", line 183, in <module>
    main()
  File "C:/Espressif/frameworks/esp-idf-v5.0/tools/ldgen/ldgen.py", line 159, in main
    mapping_rules = generation_model.generate(sections_infos)
  File "C:\Espressif\frameworks\esp-idf-v5.0\tools\ldgen\ldgen\generation.py", line 514, in generate
    root_node.insert(entity, sections, target, flags, entities)
  File "C:\Espressif\frameworks\esp-idf-v5.0\tools\ldgen\ldgen\generation.py", line 241, in insert
    self.child_placement(entity, sections, target, flags, sections_db)
  File "C:\Espressif\frameworks\esp-idf-v5.0\tools\ldgen\ldgen\generation.py", line 233, in child_placement
    child.insert(entity, sections, target, flags, sections_db)
  File "C:\Espressif\frameworks\esp-idf-v5.0\tools\ldgen\ldgen\generation.py", line 241, in insert
    self.child_placement(entity, sections, target, flags, sections_db)
  File "C:\Espressif\frameworks\esp-idf-v5.0\tools\ldgen\ldgen\generation.py", line 233, in child_placement
    child.insert(entity, sections, target, flags, sections_db)
  File "C:\Espressif\frameworks\esp-idf-v5.0\tools\ldgen\ldgen\generation.py", line 241, in insert
    self.child_placement(entity, sections, target, flags, sections_db)
  File "C:\Espressif\frameworks\esp-idf-v5.0\tools\ldgen\ldgen\generation.py", line 296, in child_placement
    found_sections = sections_db.get_sections(self.parent.name, self.name)
  File "C:\Espressif\frameworks\esp-idf-v5.0\tools\ldgen\ldgen\entity.py", line 197, in get_sections
    obj = self._match_obj(archive, obj)
  File "C:\Espressif\frameworks\esp-idf-v5.0\tools\ldgen\ldgen\entity.py", line 183, in _match_obj
    objs = self.get_objects(archive)
  File "C:\Espressif\frameworks\esp-idf-v5.0\tools\ldgen\ldgen\entity.py", line 176, in get_objects
    self._process_archive(archive)
  File "C:\Espressif\frameworks\esp-idf-v5.0\tools\ldgen\ldgen\entity.py", line 164, in _process_archive
    parsed = self._get_infos_from_file(stored)
  File "C:\Espressif\frameworks\esp-idf-v5.0\tools\ldgen\ldgen\entity.py", line 154, in _get_infos_from_file
    raise ParseException('Unable to parse section info file ' + info.filename + '. ' + p.msg)
pyparsing.exceptions.ParseException: Unable to parse section info file C:/Personal/SeniorCapstone/tiltingPlatform_PID_tiltingSensor/build/esp-idf/esp_hw_support/libesp_hw_support.a. Expected end of text  (at char 0), (line:1, col:1)
ninja: build stopped: subcommand failed.
